// Jest Snapshot v1, https://goo.gl/fbAQLP

exports[`Pruebas con <HookApp /> debe mostrar <HookApp /> correctamente 1`] = `
<div>
  <h1>
    Hola mundo
  </h1>
</div>
`;
