// Jest Snapshot v1, https://goo.gl/fbAQLP

exports[`Pruebas en <HomeScreen /> debe mostrarse correctamente 1`] = `
Array [
  <h1>
    Home Screen
  </h1>,
  <hr />,
  <pre>
    {
   "name": "David",
   "email": "davidestevez1000@gmail.com"
}
  </pre>,
]
`;
